package lgo_exec

/* fn does nothing */
func fn() {

}
