package lgo_exec

import pkg0 "github.com/yunabe/lgo/core"
func f() int {
	return 123
}
func lgo_init() {
	pkg0.LgoPrintln(f())
}
