package lgo_exec

import pkg0 "github.com/yunabe/lgo/core"
func f() (int, float32) {
	return 10, 2.1
}
func lgo_init() {
	pkg0.LgoPrintln(f())
}
