package lgo_exec

func f() {}
func lgo_init() {

	f()
}
