package lgo_exec

func f(n int64) int64 {
	return n * n
}
