package lgo_exec

import pkg0 "github.com/yunabe/lgo/core"
func lgo_init() {
	pkg0.LgoRegisterVar("c", &c)
}
var (
	c string
)
